9) cpu_start: Multicore app
[0;32mI (217) cpu_start:ÔøΩets Jul 29 2019 12:21:46[0m

rst:0x1 (POWERON_RESET),boot:0x17 (SPI_FAST_FLASH_BOOT)
configsip: 0, SPIWP:0xee
clk_drv:0x00,q_drv:0x00,d_drv:0x00,cs0_drv:0x00,hd_drv:0x00,wp_drv:0x00
mode:DIO, clock div:2
load:0x3fff0030,len:6276
load:0x40078000,len:15748
load:0x40080400,len:4
ho 8 tail 4 room 4
load:0x40080404,len:3860
entry 0x4008063c
[0;32mI (31) boot: ESP-IDF v5.4.1 2nd stage bootloader[0m
[0;32mI (31) boot: compile time Jul  2 2025 14:40:44[0m
[0;32mI (31) boot: Multicore bootloader[0m
[0;32mI (32) boot: chip revision: v3.1[0m
[0;32mI (35) boot.esp32: SPI Speed      : 40MHz[0m
[0;32mI (39) boot.esp32: SPI Mode       : DIO[0m
[0;32mI (43) boot.esp32: SPI Flash Size : 2MB[0m
[0;32mI (46) boot: Enabling RNG early entropy source...[0m
[0;32mI (51) boot: Partition Table:[0m
[0;32mI (53) boot: ## Label            Usage          Type ST Offset   Length[0m
[0;32mI (60) boot:  0 nvs              WiFi data        01 02 00009000 00006000[0m
[0;32mI (66) boot:  1 phy_init         RF data          01 01 0000f000 00001000[0m
[0;32mI (73) boot:  2 factory          factory app      00 00 00010000 00100000[0m
[0;32mI (79) boot: End of partition table[0m
[0;32mI (82) esp_image: segment 0: paddr=00010020 vaddr=3f400020 size=0dd94h ( 56724) map[0m
[0;32mI (109) esp_image: segment 1: paddr=0001ddbc vaddr=3ff80000 size=0001ch (    28) load[0m
[0;32mI (110) esp_image: segment 2: paddr=0001dde0 vaddr=3ffb0000 size=02238h (  8760) load[0m
[0;32mI (116) esp_image: segment 3: paddr=00020020 vaddr=400d0020 size=1e998h (125336) map[0m
[0;32mI (164) esp_image: segment 4: paddr=0003e9c0 vaddr=3ffb2238 size=0029ch (   668) load[0m
[0;32mI (164) esp_image: segment 5: paddr=0003ec64 vaddr=40080000 size=0f148h ( 61768) load[0m
[0;32mI (199) boot: Loaded app from partition at offset 0x10000[0m
[0;32mI (199) boot: Disabling RNG early entropy source...[0m
[0;32mI (209) cpu_start: Multicore app[0m
[0;32mI (217) cpu_start: Pro cpu start user code[0m
[0;32mI (217) cpu_start: cpu freq: 160000000 Hz[0m
[0;32mI (218) app_init: Application information:[0m
[0;32mI (218) app_init: Project name:     NFC[0m
[0;32mI (221) app_init: App version:      00a7564-dirty[0m
[0;32mI (226) app_init: Compile time:     Jul  2 2025 14:40:32[0m
[0;32mI (231) app_init: ELF file SHA256:  2f959f441...[0m
[0;32mI (235) app_init: ESP-IDF:          v5.4.1[0m
[0;32mI (239) efuse_init: Min chip rev:     v0.0[0m
[0;32mI (243) efuse_init: Max chip rev:     v3.99 [0m
[0;32mI (247) efuse_init: Chip rev:         v3.1[0m
[0;32mI (251) heap_init: Initializing. RAM available for dynamic allocation:[0m
[0;32mI (257) heap_init: At 3FFAE6E0 len 00001920 (6 KiB): DRAM[0m
[0;32mI (262) heap_init: At 3FFB2DD0 len 0002D230 (180 KiB): DRAM[0m
[0;32mI (267) heap_init: At 3FFE0440 len 00003AE0 (14 KiB): D/IRAM[0m
[0;32mI (272) heap_init: At 3FFE4350 len 0001BCB0 (111 KiB): D/IRAM[0m
[0;32mI (278) heap_init: At 4008F148 len 00010EB8 (67 KiB): IRAM[0m
[0;32mI (285) spi_flash: detected chip: generic[0m
[0;32mI (287) spi_flash: flash io: dio[0m
[0;33mW (290) spi_flash: Detected size(4096k) larger than the size in the binary image header(2048k). Using the size in the binary image header.[0m
[0;32mI (303) main_task: Started on CPU0[0m
[0;32mI (313) main_task: Calling app_main()[0m
[0;32mI (313) gpio: GPIO[4]| InputEn: 0| OutputEn: 1| OpenDrain: 0| Pullup: 0| Pulldown: 0| Intr:0 [0m
[0;32mI (353) rc522: PCD (fw=v2.0) initialized[0m
[0;32mI (353) NFC_TOOL: =======================================[0m
[0;32mI (353) NFC_TOOL:   SISTEMA NFC INTERATIVO INICIADO[0m
[0;32mI (353) NFC_TOOL:   Aproxime um cartao MIFARE Classic[0m
[0;32mI (353) NFC_TOOL: =======================================[0m
[0;32mI (5853) NFC_TOOL: ===================================[0m
[0;32mI (5853) NFC_TOOL: CARTAO DETECTADO![0m
[0;32mI (5853) rc522: [0m
[0;32mI (5853) rc522: ‚ïî‚ïê‚ïê‚ïê‚ïê‚ïê‚ïê‚ïê‚ïê‚ïê‚ïê‚ïê‚ïê‚ïê‚ïê‚ïó[0m
[0;32mI (5863) rc522: ‚ïë              ‚ïë Type: MIFARE 1K[0m
[0;32mI (5863) rc522: ‚ïë     RFID     ‚ïë UID:  10 A2 7E 1B[0m
[0;32mI (5873) rc522: ‚ïë     CARD     ‚ïë ATQA: 0x0400[0m
[0;32mI (5873) rc522: ‚ïë              ‚ïë SAK:  0x08[0m
[0;32mI (5883) rc522: ‚ïö‚ïê‚ïê‚ïê‚ïê‚ïê‚ïê‚ïê‚ïê‚ïê‚ïê‚ïê‚ïê‚ïê‚ïê‚ïù[0m
[0;32mI (5883) rc522: [0m


=======================================
  MENU NFC - CARTAO DETECTADO
=======================================
1. Limpar cartao (restaurar fabrica)
2. Escrever URL
3. Cancelar
=======================================
Escolha: W (5923) NFC_TOOL: Opcao invalida
[0;32mI (5923) NFC_TOOL: Aguardando novo cartao...[0m
[0;32mI (5933) NFC_TOOL: ===================================[0m

[0;32mI (21363) NFC_TOOL: ===================================[0m
[0;32mI (21363) NFC_TOOL: CARTAO DETECTADO![0m
[0;32mI (21363) rc522: [0m
[0;32mI (21363) rc522: ‚ïî‚ïê‚ïê‚ïê‚ïê‚ïê‚ïê‚ïê‚ïê‚ïê‚ïê‚ïê‚ïê‚ïê‚ïê‚ïó[0m
[0;32mI (21363) rc522: ‚ïë              ‚ïë Type: MIFARE 1K[0m
[0;32mI (21363) rc522: ‚ïë     RFID     ‚ïë UID:  10 A2 7E 1B[0m
[0;32mI (21373) rc522: ‚ïë     CARD     ‚ïë ATQA: 0x0400[0m
[0;32mI (21373) rc522: ‚ïë              ‚ïë SAK:  0x08[0m
[0;32mI (21383) rc522: ‚ïö‚ïê‚ïê‚ïê‚ïê‚ïê‚ïê‚ïê‚ïê‚ïê‚ïê‚ïê‚ïê‚ïê‚ïê‚ïù[0m
[0;32mI (21383) rc522: [0m


=======================================
  MENU NFC - CARTAO DETECTADO
=======================================
1. Limpar cartao (restaurar fabrica)
2. Escrever URL
3. Cancelar
=======================================
Escolha: I (21533) NFC_TOOL: Limpando o cartao...
[1;31mE (21593) rc522: rc522_picc_send(86): [0m
[0;33mW (21593) NFC_TOOL: Falha ao autenticar setor 1. Pulando...[0m
[1;31mE (21633) rc522: rc522_picc_send(86): [0m
[0;33mW (21873) NFC_TOOL: Falha ao autenticar setor 3. Pulando...[0m
[1;31mE (22123) rc522: rc522_picc_send(86): [0m
[0;33mW (22123) NFC_TOOL: Falha ao autenticar setor 4. Pulando...[0m
[0;33mW (22173) NFC_TOOL: Falha ao autenticar setor 5. Pulando...[0m
[0;33mW (22243) NFC_TOOL: Falha ao autenticar setor 6. Pulando...[0m
[1;31mE (22293) spi_master: spi_device_polling_start(1365): Cannot send polling transaction while the previous polling transaction is not terminated.[0m
[1;31mE (22293) rc522: rc522_spi_receive(84): 0103[0m
[1;31mE (22293) rc522: rc522_pcd_clear_bits(361): [0m
[1;31mE (22293) rc522: rc522_picc_reqa_or_wupa(232): 0103[0m
[0;33mW (22303) NFC_TOOL: Falha ao autenticar setor 7. Pulando...[0m
[1;31mE (22373) rc522: rc522_picc_send(86): [0m
[0;33mW (22373) NFC_TOOL: Falha ao autenticar setor 8. Pulando...[0m
[1;31mE (22443) rc522: rc522_picc_send(86): [0m
[0;33mW (22443) NFC_TOOL: Falha ao autenticar setor 9. Pulando...[0m
[1;31mE (22513) rc522: rc522_picc_send(86): [0m
[0;33mW (22513) NFC_TOOL: Falha ao autenticar setor 10. Pulando...[0m
[1;31mE (22583) rc522: rc522_picc_send(86): [0m
[0;33mW (22583) NFC_TOOL: Falha ao autenticar setor 11. Pulando...[0m
[1;31mE (22653) rc522: rc522_picc_send(86): [0m
[0;33mW (22653) NFC_TOOL: Falha ao autenticar setor 12. Pulando...[0m
[1;31mE (22723) rc522: rc522_picc_send(86): [0m
[0;33mW (22723) NFC_TOOL: Falha ao autenticar setor 13. Pulando...[0m
[0;33mW (22773) NFC_TOOL: Falha ao autenticar setor 14. Pulando...[0m
[0;33mW (22823) NFC_TOOL: Falha ao autenticar setor 15. Pulando...[0m
[0;32mI (22823) NFC_TOOL: Limpeza concluida com sucesso![0m
[0;32mI (22823) NFC_TOOL: *****************************[0m
[0;32mI (22833) NFC_TOOL: CARTAO LIMPO COM SUCESSO![0m
[0;32mI (22833) NFC_TOOL: *****************************[0m
[0;32mI (22843) NFC_TOOL: Aguardando novo cartao...[0m
[0;32mI (22843) NFC_TOOL: ===================================[0m

